// Jest Snapshot v1, https://goo.gl/fbAQLP

exports[`App should render correctly 1`] = `
<BrowserRouter>
  <Route
    component={[Function]}
    exact={true}
    path="/"
  />
  <Route
    component={[Function]}
    path="/admin"
  />
  <Route
    component={[Function]}
    path="/landlord"
  />
  <Route
    component={[Function]}
    path="/welcome"
  />
</BrowserRouter>
`;
